
Labib Zahin@DESKTOP-QSBISNI MINGW64 ~/Desktop/SE lab-01
$ ^[[200~$ git config --global user.name "Labibzahin007"
bash: $'\E[200~$': command not found

Labib Zahin@DESKTOP-QSBISNI MINGW64 ~/Desktop/SE lab-01
$ $ git config --global user.name "Labibzahin007"
bash: $: command not found

Labib Zahin@DESKTOP-QSBISNI MINGW64 ~/Desktop/SE lab-01
$  git config --global user.name "Labibzahin007"

Labib Zahin@DESKTOP-QSBISNI MINGW64 ~/Desktop/SE lab-01
$ git config --global user.mail "labibzahin10@gmail.com"


Labib Zahin@DESKTOP-QSBISNI MINGW64 ~/Desktop/SE lab-01
$  git config --global user.email "labibzahin10@gmail.com"

Labib Zahin@DESKTOP-QSBISNI MINGW64 ~/Desktop/SE lab-01
$ git confiq --global --list
git: 'confiq' is not a git command. See 'git --help'.

The most similar command is
        config

Labib Zahin@DESKTOP-QSBISNI MINGW64 ~/Desktop/SE lab-01
$ git config --global --list
user.name=Labibzahin007
user.mail=labibzahin10@gmail.com
user.email=labibzahin10@gmail.com

Labib Zahin@DESKTOP-QSBISNI MINGW64 ~/Desktop/SE lab-01
$ ^[[200~$ git config --global --list
bash: $'\E[200~$': command not found

Labib Zahin@DESKTOP-QSBISNI MINGW64 ~/Desktop/SE lab-01
$ git confiq --global --list
git: 'confiq' is not a git command. See 'git --help'.

The most similar command is
        config

Labib Zahin@DESKTOP-QSBISNI MINGW64 ~/Desktop/SE lab-01
$  git init
Initialized empty Git repository in C:/Users/Labib Zahin/Desktop/SE lab-01/.git/

Labib Zahin@DESKTOP-QSBISNI MINGW64 ~/Desktop/SE lab-01 (master)
$ git remote add origin "https://github.com/Labibzahin007/Software-Engineering-"
Labib Zahin@DESKTOP-QSBISNI MINGW64 ~/Desktop/SE lab-01 (master)
$ git add .

Labib Zahin@DESKTOP-QSBISNI MINGW64 ~/Desktop/SE lab-01 (master)
$ git commit -m "Lab-01 and cpp file is updated"
[master (root-commit) 130a637] Lab-01 and cpp file is updated
 4 files changed, 39 insertions(+)
 create mode 100644 swap adjacents elements in a stack.cpp
 create mode 100644 swap adjacents elements in a stack.exe
 create mode 100644 swap adjacents elements in a stack.o
 create mode 100644 t-1.txt

Labib Zahin@DESKTOP-QSBISNI MINGW64 ~/Desktop/SE lab-01 (master)
$ git push -u origin master
Enumerating objects: 6, done.
Counting objects: 100% (6/6), done.
Delta compression using up to 8 threads
Compressing objects: 100% (5/5), done.
Writing objects: 100% (6/6), 44.74 KiB | 4.97 MiB/s, done.
Total 6 (delta 1), reused 0 (delta 0), pack-reused 0 (from 0)
remote: Resolving deltas: 100% (1/1), done.
To https://github.com/Labibzahin007/Software-Engineering-
 * [new branch]      master -> master
branch 'master' set up to track 'origin/master'.

Labib Zahin@DESKTOP-QSBISNI MINGW64 ~/Desktop/SE lab-01 (master)
$ git add.
git: 'add.' is not a git command. See 'git --help'.

The most similar command is
        add

Labib Zahin@DESKTOP-QSBISNI MINGW64 ~/Desktop/SE lab-01 (master)
$ git add .

Labib Zahin@DESKTOP-QSBISNI MINGW64 ~/Desktop/SE lab-01 (master)
$ git commit -m "t-1 text file is updated"
[master 94ff665] t-1 text file is updated
 1 file changed, 76 insertions(+)

Labib Zahin@DESKTOP-QSBISNI MINGW64 ~/Desktop/SE lab-01 (master)
$ git push
Enumerating objects: 5, done.
Counting objects: 100% (5/5), done.
Delta compression using up to 8 threads
Compressing objects: 100% (3/3), done.
Writing objects: 100% (3/3), 993 bytes | 993.00 KiB/s, done.
Total 3 (delta 1), reused 0 (delta 0), pack-reused 0 (from 0)
remote: Resolving deltas: 100% (1/1), completed with 1 local object.
To https://github.com/Labibzahin007/Software-Engineering-
   130a637..94ff665  master -> master

Labib Zahin@DESKTOP-QSBISNI MINGW64 ~/Desktop/SE lab-01 (master)
$ git add command.txt

Labib Zahin@DESKTOP-QSBISNI MINGW64 ~/Desktop/SE lab-01 (master)
$ git commit -m "File name is changed"
[master fd97311] File name is changed
 1 file changed, 103 insertions(+)
 create mode 100644 command.txt

Labib Zahin@DESKTOP-QSBISNI MINGW64 ~/Desktop/SE lab-01 (master)
$ git push
Enumerating objects: 4, done.
Counting objects: 100% (4/4), done.
Delta compression using up to 8 threads
Compressing objects: 100% (3/3), done.
Writing objects: 100% (3/3), 1.11 KiB | 1.11 MiB/s, done.
Total 3 (delta 1), reused 0 (delta 0), pack-reused 0 (from 0)
remote: Resolving deltas: 100% (1/1), completed with 1 local object.
To https://github.com/Labibzahin007/Software-Engineering-
   94ff665..fd97311  master -> master

Labib Zahin@DESKTOP-QSBISNI MINGW64 ~/Desktop/SE lab-01 (master)
$ git rm t-1.txt
rm 't-1.txt'

Labib Zahin@DESKTOP-QSBISNI MINGW64 ~/Desktop/SE lab-01 (master)
$ git commit -m "file is deleted"
[master 16c6220] file is deleted
 1 file changed, 76 deletions(-)
 delete mode 100644 t-1.txt

Labib Zahin@DESKTOP-QSBISNI MINGW64 ~/Desktop/SE lab-01 (master)
$ git push
Enumerating objects: 3, done.
Counting objects: 100% (3/3), done.
Delta compression using up to 8 threads
Compressing objects: 100% (2/2), done.
Writing objects: 100% (2/2), 223 bytes | 223.00 KiB/s, done.
Total 2 (delta 1), reused 0 (delta 0), pack-reused 0 (from 0)
remote: Resolving deltas: 100% (1/1), completed with 1 local object.
To https://github.com/Labibzahin007/Software-Engineering-
   fd97311..16c6220  master -> master

Labib Zahin@DESKTOP-QSBISNI MINGW64 ~/Desktop/SE lab-01 (master)
$
