
Labib Zahin@DESKTOP-QSBISNI MINGW64 ~/Desktop/SE lab-01
$ ^[[200~$ git config --global user.name "Labibzahin007"
bash: $'\E[200~$': command not found

Labib Zahin@DESKTOP-QSBISNI MINGW64 ~/Desktop/SE lab-01
$ $ git config --global user.name "Labibzahin007"
bash: $: command not found

Labib Zahin@DESKTOP-QSBISNI MINGW64 ~/Desktop/SE lab-01
$  git config --global user.name "Labibzahin007"

Labib Zahin@DESKTOP-QSBISNI MINGW64 ~/Desktop/SE lab-01
$ git config --global user.mail "labibzahin10@gmail.com"


Labib Zahin@DESKTOP-QSBISNI MINGW64 ~/Desktop/SE lab-01
$  git config --global user.email "labibzahin10@gmail.com"

Labib Zahin@DESKTOP-QSBISNI MINGW64 ~/Desktop/SE lab-01
$ git confiq --global --list
git: 'confiq' is not a git command. See 'git --help'.

The most similar command is
        config

Labib Zahin@DESKTOP-QSBISNI MINGW64 ~/Desktop/SE lab-01
$ git config --global --list
user.name=Labibzahin007
user.mail=labibzahin10@gmail.com
user.email=labibzahin10@gmail.com

Labib Zahin@DESKTOP-QSBISNI MINGW64 ~/Desktop/SE lab-01
$ ^[[200~$ git config --global --list
bash: $'\E[200~$': command not found

Labib Zahin@DESKTOP-QSBISNI MINGW64 ~/Desktop/SE lab-01
$ git confiq --global --list
git: 'confiq' is not a git command. See 'git --help'.

The most similar command is
        config

Labib Zahin@DESKTOP-QSBISNI MINGW64 ~/Desktop/SE lab-01
$  git init
Initialized empty Git repository in C:/Users/Labib Zahin/Desktop/SE lab-01/.git/

Labib Zahin@DESKTOP-QSBISNI MINGW64 ~/Desktop/SE lab-01 (master)
$ git remote add origin "https://github.com/Labibzahin007/Software-Engineering-"
Labib Zahin@DESKTOP-QSBISNI MINGW64 ~/Desktop/SE lab-01 (master)
$ git add .

Labib Zahin@DESKTOP-QSBISNI MINGW64 ~/Desktop/SE lab-01 (master)
$ git commit -m "Lab-01 and cpp file is updated"
[master (root-commit) 130a637] Lab-01 and cpp file is updated
 4 files changed, 39 insertions(+)
 create mode 100644 swap adjacents elements in a stack.cpp
 create mode 100644 swap adjacents elements in a stack.exe
 create mode 100644 swap adjacents elements in a stack.o
 create mode 100644 t-1.txt

Labib Zahin@DESKTOP-QSBISNI MINGW64 ~/Desktop/SE lab-01 (master)
$ git push -u origin master
Enumerating objects: 6, done.
Counting objects: 100% (6/6), done.
Delta compression using up to 8 threads
Compressing objects: 100% (5/5), done.
Writing objects: 100% (6/6), 44.74 KiB | 4.97 MiB/s, done.
Total 6 (delta 1), reused 0 (delta 0), pack-reused 0 (from 0)
remote: Resolving deltas: 100% (1/1), done.
To https://github.com/Labibzahin007/Software-Engineering-
 * [new branch]      master -> master
branch 'master' set up to track 'origin/master'.

Labib Zahin@DESKTOP-QSBISNI MINGW64 ~/Desktop/SE lab-01 (master)
$
